// Jest Snapshot v1, https://goo.gl/fbAQLP

exports[`Should render header correctly 1`] = `
<div>
  <h1>
    Expensivify
  </h1>
  <header
    className="header"
  >
    <[object Object]
      activeClassName="is_active"
      exact={true}
      to="/"
    >
      Home
    </[object Object]>
    <[object Object]
      activeClassName="is_active"
      to="/create"
    >
      Create
    </[object Object]>
    <[object Object]
      activeClassName="is_active"
      to="help"
    >
      Help
    </[object Object]>
    <button>
      Logout
    </button>
  </header>
</div>
`;
